2026-08-05 11:59:41 [INFO] Rollback mode started.
2026-08-05 11:59:41 [INFO] Using manifest: C:\Users\labuser\Documents\Training\Day 3 - Scripting\TempCleanup\TempCleanupState\Manifests\manifest-35ffe069-edad-4b31-b6c9-336bd584fc27.csv
2026-08-05 11:59:41 [WARN] Skip restore, quarantine file missing: C:\Users\labuser\Documents\Training\Day 3 - Scripting\TempCleanupState\Quarantine\35ffe069-edad-4b31-b6c9-336bd584fc27_C__Windows_Temp_bb3a785178f443fda931098a5a9a306b.db.ses
2026-08-05 11:59:41 [WARN] Skip restore, quarantine file missing: C:\Users\labuser\Documents\Training\Day 3 - Scripting\TempCleanupState\Quarantine\35ffe069-edad-4b31-b6c9-336bd584fc27_C__Windows_Temp_MpCmdRun.log
2026-08-05 11:59:41 [WARN] Skip restore, quarantine file missing: C:\Users\labuser\Documents\Training\Day 3 - Scripting\TempCleanupState\Quarantine\35ffe069-edad-4b31-b6c9-336bd584fc27_C__Windows_Temp_MpSigStub.log
2026-08-05 11:59:41 [WARN] Skip restore, quarantine file missing: C:\Users\labuser\Documents\Training\Day 3 - Scripting\TempCleanupState\Quarantine\35ffe069-edad-4b31-b6c9-336bd584fc27_C__Windows_Temp_silconfig.log
2026-08-05 11:59:41 [WARN] Skip restore, quarantine file missing: C:\Users\labuser\Documents\Training\Day 3 - Scripting\TempCleanupState\Quarantine\35ffe069-edad-4b31-b6c9-336bd584fc27_C__Windows_Temp__env.cmd
2026-08-05 11:59:41 [WARN] Skip restore, quarantine file missing: C:\Users\labuser\Documents\Training\Day 3 - Scripting\TempCleanupState\Quarantine\35ffe069-edad-4b31-b6c9-336bd584fc27_C__Windows_Temp_chocolatey_activitywatch_0.13.2_activitywatch-v0.13.2-windows-x86_64.zip
2026-08-05 11:59:41 [WARN] Skip restore, quarantine file missing: C:\Users\labuser\Documents\Training\Day 3 - Scripting\TempCleanupState\Quarantine\35ffe069-edad-4b31-b6c9-336bd584fc27_C__Windows_Temp_chocolatey_chocoInstall_chocolatey.nuspec
2026-08-05 11:59:41 [WARN] Skip restore, quarantine file missing: C:\Users\labuser\Documents\Training\Day 3 - Scripting\TempCleanupState\Quarantine\35ffe069-edad-4b31-b6c9-336bd584fc27_C__Windows_Temp_chocolatey_chocoInstall_chocolatey.zip
2026-08-05 11:59:41 [WARN] Skip restore, quarantine file missing: C:\Users\labuser\Documents\Training\Day 3 - Scripting\TempCleanupState\Quarantine\35ffe069-edad-4b31-b6c9-336bd584fc27_C__Windows_Temp_chocolatey_chocoInstall_[Content_Types].xml
2026-08-05 11:59:41 [WARN] Skip restore, quarantine file missing: C:\Users\labuser\Documents\Training\Day 3 - Scripting\TempCleanupState\Quarantine\35ffe069-edad-4b31-b6c9-336bd584fc27_C__Windows_Temp_chocolatey_chocoInstall_package_services_metadata_core-properties_5ad4dc75cc79452d8e7e738cb4a3286e.psmdcp
2026-08-05 11:59:41 [WARN] Skip restore, quarantine file missing: C:\Users\labuser\Documents\Training\Day 3 - Scripting\TempCleanupState\Quarantine\35ffe069-edad-4b31-b6c9-336bd584fc27_C__Windows_Temp_chocolatey_chocoInstall_tools_chocolateyInstall.ps1
2026-08-05 11:59:41 [WARN] Skip restore, quarantine file missing: C:\Users\labuser\Documents\Training\Day 3 - Scripting\TempCleanupState\Quarantine\35ffe069-edad-4b31-b6c9-336bd584fc27_C__Windows_Temp_chocolatey_chocoInstall_tools_chocolateysetup.psm1
2026-08-05 11:59:41 [WARN] Skip restore, quarantine file missing: C:\Users\labuser\Documents\Training\Day 3 - Scripting\TempCleanupState\Quarantine\35ffe069-edad-4b31-b6c9-336bd584fc27_C__Windows_Temp_chocolatey_chocoInstall_tools_init.ps1
2026-08-05 11:59:41 [WARN] Skip restore, quarantine file missing: C:\Users\labuser\Documents\Training\Day 3 - Scripting\TempCleanupState\Quarantine\35ffe069-edad-4b31-b6c9-336bd584fc27_C__Windows_Temp_chocolatey_chocoInstall_tools_VERIFICATION.txt
2026-08-05 11:59:41 [WARN] Skip restore, quarantine file missing: C:\Users\labuser\Documents\Training\Day 3 - Scripting\TempCleanupState\Quarantine\35ffe069-edad-4b31-b6c9-336bd584fc27_C__Windows_Temp_chocolatey_chocoInstall_tools_chocolateyInstall_choco.exe
2026-08-05 11:59:41 [WARN] Skip restore, quarantine file missing: C:\Users\labuser\Documents\Training\Day 3 - Scripting\TempCleanupState\Quarantine\35ffe069-edad-4b31-b6c9-336bd584fc27_C__Windows_Temp_chocolatey_chocoInstall_tools_chocolateyInstall_choco.exe.ignore
2026-08-05 11:59:41 [WARN] Skip restore, quarantine file missing: C:\Users\labuser\Documents\Training\Day 3 - Scripting\TempCleanupState\Quarantine\35ffe069-edad-4b31-b6c9-336bd584fc27_C__Windows_Temp_chocolatey_chocoInstall_tools_chocolateyInstall_choco.exe.manifest
2026-08-05 11:59:41 [WARN] Skip restore, quarantine file missing: C:\Users\labuser\Documents\Training\Day 3 - Scripting\TempCleanupState\Quarantine\35ffe069-edad-4b31-b6c9-336bd584fc27_C__Windows_Temp_chocolatey_chocoInstall_tools_chocolateyInstall_CREDITS.txt
2026-08-05 11:59:41 [WARN] Skip restore, quarantine file missing: C:\Users\labuser\Documents\Training\Day 3 - Scripting\TempCleanupState\Quarantine\35ffe069-edad-4b31-b6c9-336bd584fc27_C__Windows_Temp_chocolatey_chocoInstall_tools_chocolateyInstall_LICENSE.txt
2026-08-05 11:59:41 [WARN] Skip restore, quarantine file missing: C:\Users\labuser\Documents\Training\Day 3 - Scripting\TempCleanupState\Quarantine\35ffe069-edad-4b31-b6c9-336bd584fc27_C__Windows_Temp_chocolatey_chocoInstall_tools_chocolateyInstall_helpers_chocolateyInstaller.psm1
2026-08-05 11:59:41 [WARN] Skip restore, quarantine file missing: C:\Users\labuser\Documents\Training\Day 3 - Scripting\TempCleanupState\Quarantine\35ffe069-edad-4b31-b6c9-336bd584fc27_C__Windows_Temp_chocolatey_chocoInstall_tools_chocolateyInstall_helpers_chocolateyProfile.psm1
2026-08-05 11:59:41 [WARN] Skip restore, quarantine file missing: C:\Users\labuser\Documents\Training\Day 3 - Scripting\TempCleanupState\Quarantine\35ffe069-edad-4b31-b6c9-336bd584fc27_C__Windows_Temp_chocolatey_chocoInstall_tools_chocolateyInstall_helpers_chocolateyScriptRunner.ps1
2026-08-05 11:59:41 [WARN] Skip restore, quarantine file missing: C:\Users\labuser\Documents\Training\Day 3 - Scripting\TempCleanupState\Quarantine\35ffe069-edad-4b31-b6c9-336bd584fc27_C__Windows_Temp_chocolatey_chocoInstall_tools_chocolateyInstall_helpers_ChocolateyTabExpansion.ps1
2026-08-05 11:59:41 [WARN] Skip restore, quarantine file missing: C:\Users\labuser\Documents\Training\Day 3 - Scripting\TempCleanupState\Quarantine\35ffe069-edad-4b31-b6c9-336bd584fc27_C__Windows_Temp_chocolatey_chocoInstall_tools_chocolateyInstall_helpers_functions_Format-FileSize.ps1
2026-08-05 11:59:41 [WARN] Skip restore, quarantine file missing: C:\Users\labuser\Documents\Training\Day 3 - Scripting\TempCleanupState\Quarantine\35ffe069-edad-4b31-b6c9-336bd584fc27_C__Windows_Temp_chocolatey_chocoInstall_tools_chocolateyInstall_helpers_functions_Get-CheckSumValid.ps1
2026-08-05 11:59:41 [WARN] Skip restore, quarantine file missing: C:\Users\labuser\Documents\Training\Day 3 - Scripting\TempCleanupState\Quarantine\35ffe069-edad-4b31-b6c9-336bd584fc27_C__Windows_Temp_chocolatey_chocoInstall_tools_chocolateyInstall_helpers_functions_Get-ChocolateyPath.ps1
2026-08-05 11:59:41 [WARN] Skip restore, quarantine file missing: C:\Users\labuser\Documents\Training\Day 3 - Scripting\TempCleanupState\Quarantine\35ffe069-edad-4b31-b6c9-336bd584fc27_C__Windows_Temp_chocolatey_chocoInstall_tools_chocolateyInstall_helpers_functions_Get-ChocolateyUnzip.ps1
2026-08-05 11:59:41 [WARN] Skip restore, quarantine file missing: C:\Users\labuser\Documents\Training\Day 3 - Scripting\TempCleanupState\Quarantine\35ffe069-edad-4b31-b6c9-336bd584fc27_C__Windows_Temp_chocolatey_chocoInstall_tools_chocolateyInstall_helpers_functions_Get-ChocolateyWebFile.ps1
2026-08-05 11:59:41 [WARN] Skip restore, quarantine file missing: C:\Users\labuser\Documents\Training\Day 3 - Scripting\TempCleanupState\Quarantine\35ffe069-edad-4b31-b6c9-336bd584fc27_C__Windows_Temp_chocolatey_chocoInstall_tools_chocolateyInstall_helpers_functions_Get-EnvironmentVariable.ps1
2026-08-05 11:59:41 [WARN] Skip restore, quarantine file missing: C:\Users\labuser\Documents\Training\Day 3 - Scripting\TempCleanupState\Quarantine\35ffe069-edad-4b31-b6c9-336bd584fc27_C__Windows_Temp_chocolatey_chocoInstall_tools_chocolateyInstall_helpers_functions_Get-EnvironmentVariableNames.ps1
2026-08-05 11:59:41 [WARN] Skip restore, quarantine file missing: C:\Users\labuser\Documents\Training\Day 3 - Scripting\TempCleanupState\Quarantine\35ffe069-edad-4b31-b6c9-336bd584fc27_C__Windows_Temp_chocolatey_chocoInstall_tools_chocolateyInstall_helpers_functions_Get-FtpFile.ps1
2026-08-05 11:59:41 [WARN] Skip restore, quarantine file missing: C:\Users\labuser\Documents\Training\Day 3 - Scripting\TempCleanupState\Quarantine\35ffe069-edad-4b31-b6c9-336bd584fc27_C__Windows_Temp_chocolatey_chocoInstall_tools_chocolateyInstall_helpers_functions_Get-OSArchitectureWidth.ps1
2026-08-05 11:59:41 [WARN] Skip restore, quarantine file missing: C:\Users\labuser\Documents\Training\Day 3 - Scripting\TempCleanupState\Quarantine\35ffe069-edad-4b31-b6c9-336bd584fc27_C__Windows_Temp_chocolatey_chocoInstall_tools_chocolateyInstall_helpers_functions_Get-PackageParameters.ps1
2026-08-05 11:59:41 [WARN] Skip restore, quarantine file missing: C:\Users\labuser\Documents\Training\Day 3 - Scripting\TempCleanupState\Quarantine\35ffe069-edad-4b31-b6c9-336bd584fc27_C__Windows_Temp_chocolatey_chocoInstall_tools_chocolateyInstall_helpers_functions_Get-ToolsLocation.ps1
2026-08-05 11:59:41 [WARN] Skip restore, quarantine file missing: C:\Users\labuser\Documents\Training\Day 3 - Scripting\TempCleanupState\Quarantine\35ffe069-edad-4b31-b6c9-336bd584fc27_C__Windows_Temp_chocolatey_chocoInstall_tools_chocolateyInstall_helpers_functions_Get-UACEnabled.ps1
2026-08-05 11:59:41 [WARN] Skip restore, quarantine file missing: C:\Users\labuser\Documents\Training\Day 3 - Scripting\TempCleanupState\Quarantine\35ffe069-edad-4b31-b6c9-336bd584fc27_C__Windows_Temp_chocolatey_chocoInstall_tools_chocolateyInstall_helpers_functions_Get-UninstallRegistryKey.ps1
2026-08-05 11:59:41 [WARN] Skip restore, quarantine file missing: C:\Users\labuser\Documents\Training\Day 3 - Scripting\TempCleanupState\Quarantine\35ffe069-edad-4b31-b6c9-336bd584fc27_C__Windows_Temp_chocolatey_chocoInstall_tools_chocolateyInstall_helpers_functions_Get-VirusCheckValid.ps1
2026-08-05 11:59:41 [WARN] Skip restore, quarantine file missing: C:\Users\labuser\Documents\Training\Day 3 - Scripting\TempCleanupState\Quarantine\35ffe069-edad-4b31-b6c9-336bd584fc27_C__Windows_Temp_chocolatey_chocoInstall_tools_chocolateyInstall_helpers_functions_Get-WebFile.ps1
2026-08-05 11:59:41 [WARN] Skip restore, quarantine file missing: C:\Users\labuser\Documents\Training\Day 3 - Scripting\TempCleanupState\Quarantine\35ffe069-edad-4b31-b6c9-336bd584fc27_C__Windows_Temp_chocolatey_chocoInstall_tools_chocolateyInstall_helpers_functions_Get-WebFileName.ps1
2026-08-05 11:59:41 [WARN] Skip restore, quarantine file missing: C:\Users\labuser\Documents\Training\Day 3 - Scripting\TempCleanupState\Quarantine\35ffe069-edad-4b31-b6c9-336bd584fc27_C__Windows_Temp_chocolatey_chocoInstall_tools_chocolateyInstall_helpers_functions_Get-WebHeaders.ps1
2026-08-05 11:59:41 [WARN] Skip restore, quarantine file missing: C:\Users\labuser\Documents\Training\Day 3 - Scripting\TempCleanupState\Quarantine\35ffe069-edad-4b31-b6c9-336bd584fc27_C__Windows_Temp_chocolatey_chocoInstall_tools_chocolateyInstall_helpers_functions_Install-BinFile.ps1
2026-08-05 11:59:41 [WARN] Skip restore, quarantine file missing: C:\Users\labuser\Documents\Training\Day 3 - Scripting\TempCleanupState\Quarantine\35ffe069-edad-4b31-b6c9-336bd584fc27_C__Windows_Temp_chocolatey_chocoInstall_tools_chocolateyInstall_helpers_functions_Install-ChocolateyEnvironmentVariable.ps1
2026-08-05 11:59:41 [WARN] Skip restore, quarantine file missing: C:\Users\labuser\Documents\Training\Day 3 - Scripting\TempCleanupState\Quarantine\35ffe069-edad-4b31-b6c9-336bd584fc27_C__Windows_Temp_chocolatey_chocoInstall_tools_chocolateyInstall_helpers_functions_Install-ChocolateyExplorerMenuItem.ps1
2026-08-05 11:59:41 [WARN] Skip restore, quarantine file missing: C:\Users\labuser\Documents\Training\Day 3 - Scripting\TempCleanupState\Quarantine\35ffe069-edad-4b31-b6c9-336bd584fc27_C__Windows_Temp_chocolatey_chocoInstall_tools_chocolateyInstall_helpers_functions_Install-ChocolateyFileAssociation.ps1
2026-08-05 11:59:41 [WARN] Skip restore, quarantine file missing: C:\Users\labuser\Documents\Training\Day 3 - Scripting\TempCleanupState\Quarantine\35ffe069-edad-4b31-b6c9-336bd584fc27_C__Windows_Temp_chocolatey_chocoInstall_tools_chocolateyInstall_helpers_functions_Install-ChocolateyInstallPackage.ps1
2026-08-05 11:59:41 [WARN] Skip restore, quarantine file missing: C:\Users\labuser\Documents\Training\Day 3 - Scripting\TempCleanupState\Quarantine\35ffe069-edad-4b31-b6c9-336bd584fc27_C__Windows_Temp_chocolatey_chocoInstall_tools_chocolateyInstall_helpers_functions_Install-ChocolateyPackage.ps1
2026-08-05 11:59:41 [WARN] Skip restore, quarantine file missing: C:\Users\labuser\Documents\Training\Day 3 - Scripting\TempCleanupState\Quarantine\35ffe069-edad-4b31-b6c9-336bd584fc27_C__Windows_Temp_chocolatey_chocoInstall_tools_chocolateyInstall_helpers_functions_Install-ChocolateyPath.ps1
2026-08-05 11:59:41 [WARN] Skip restore, quarantine file missing: C:\Users\labuser\Documents\Training\Day 3 - Scripting\TempCleanupState\Quarantine\35ffe069-edad-4b31-b6c9-336bd584fc27_C__Windows_Temp_chocolatey_chocoInstall_tools_chocolateyInstall_helpers_functions_Install-ChocolateyPinnedTaskBarItem.ps1
2026-08-05 11:59:41 [WARN] Skip restore, quarantine file missing: C:\Users\labuser\Documents\Training\Day 3 - Scripting\TempCleanupState\Quarantine\35ffe069-edad-4b31-b6c9-336bd584fc27_C__Windows_Temp_chocolatey_chocoInstall_tools_chocolateyInstall_helpers_functions_Install-ChocolateyPowershellCommand.ps1
2026-08-05 11:59:41 [WARN] Skip restore, quarantine file missing: C:\Users\labuser\Documents\Training\Day 3 - Scripting\TempCleanupState\Quarantine\35ffe069-edad-4b31-b6c9-336bd584fc27_C__Windows_Temp_chocolatey_chocoInstall_tools_chocolateyInstall_helpers_functions_Install-ChocolateyShortcut.ps1
2026-08-05 11:59:41 [WARN] Skip restore, quarantine file missing: C:\Users\labuser\Documents\Training\Day 3 - Scripting\TempCleanupState\Quarantine\35ffe069-edad-4b31-b6c9-336bd584fc27_C__Windows_Temp_chocolatey_chocoInstall_tools_chocolateyInstall_helpers_functions_Install-ChocolateyVsixPackage.ps1
2026-08-05 11:59:42 [WARN] Skip restore, quarantine file missing: C:\Users\labuser\Documents\Training\Day 3 - Scripting\TempCleanupState\Quarantine\35ffe069-edad-4b31-b6c9-336bd584fc27_C__Windows_Temp_chocolatey_chocoInstall_tools_chocolateyInstall_helpers_functions_Install-ChocolateyZipPackage.ps1
2026-08-05 11:59:42 [WARN] Skip restore, quarantine file missing: C:\Users\labuser\Documents\Training\Day 3 - Scripting\TempCleanupState\Quarantine\35ffe069-edad-4b31-b6c9-336bd584fc27_C__Windows_Temp_chocolatey_chocoInstall_tools_chocolateyInstall_helpers_functions_Install-Vsix.ps1
2026-08-05 11:59:42 [WARN] Skip restore, quarantine file missing: C:\Users\labuser\Documents\Training\Day 3 - Scripting\TempCleanupState\Quarantine\35ffe069-edad-4b31-b6c9-336bd584fc27_C__Windows_Temp_chocolatey_chocoInstall_tools_chocolateyInstall_helpers_functions_Set-EnvironmentVariable.ps1
2026-08-05 11:59:42 [WARN] Skip restore, quarantine file missing: C:\Users\labuser\Documents\Training\Day 3 - Scripting\TempCleanupState\Quarantine\35ffe069-edad-4b31-b6c9-336bd584fc27_C__Windows_Temp_chocolatey_chocoInstall_tools_chocolateyInstall_helpers_functions_Set-PowerShellExitCode.ps1
2026-08-05 11:59:42 [WARN] Skip restore, quarantine file missing: C:\Users\labuser\Documents\Training\Day 3 - Scripting\TempCleanupState\Quarantine\35ffe069-edad-4b31-b6c9-336bd584fc27_C__Windows_Temp_chocolatey_chocoInstall_tools_chocolateyInstall_helpers_functions_Start-ChocolateyProcessAsAdmin.ps1
2026-08-05 11:59:42 [WARN] Skip restore, quarantine file missing: C:\Users\labuser\Documents\Training\Day 3 - Scripting\TempCleanupState\Quarantine\35ffe069-edad-4b31-b6c9-336bd584fc27_C__Windows_Temp_chocolatey_chocoInstall_tools_chocolateyInstall_helpers_functions_Test-ProcessAdminRights.ps1
2026-08-05 11:59:42 [WARN] Skip restore, quarantine file missing: C:\Users\labuser\Documents\Training\Day 3 - Scripting\TempCleanupState\Quarantine\35ffe069-edad-4b31-b6c9-336bd584fc27_C__Windows_Temp_chocolatey_chocoInstall_tools_chocolateyInstall_helpers_functions_Uninstall-BinFile.ps1
2026-08-05 11:59:42 [WARN] Skip restore, quarantine file missing: C:\Users\labuser\Documents\Training\Day 3 - Scripting\TempCleanupState\Quarantine\35ffe069-edad-4b31-b6c9-336bd584fc27_C__Windows_Temp_chocolatey_chocoInstall_tools_chocolateyInstall_helpers_functions_Uninstall-ChocolateyEnvironmentVariable.ps1
2026-08-05 11:59:42 [WARN] Skip restore, quarantine file missing: C:\Users\labuser\Documents\Training\Day 3 - Scripting\TempCleanupState\Quarantine\35ffe069-edad-4b31-b6c9-336bd584fc27_C__Windows_Temp_chocolatey_chocoInstall_tools_chocolateyInstall_helpers_functions_Uninstall-ChocolateyPackage.ps1
2026-08-05 11:59:42 [WARN] Skip restore, quarantine file missing: C:\Users\labuser\Documents\Training\Day 3 - Scripting\TempCleanupState\Quarantine\35ffe069-edad-4b31-b6c9-336bd584fc27_C__Windows_Temp_chocolatey_chocoInstall_tools_chocolateyInstall_helpers_functions_UnInstall-ChocolateyZipPackage.ps1
2026-08-05 11:59:42 [WARN] Skip restore, quarantine file missing: C:\Users\labuser\Documents\Training\Day 3 - Scripting\TempCleanupState\Quarantine\35ffe069-edad-4b31-b6c9-336bd584fc27_C__Windows_Temp_chocolatey_chocoInstall_tools_chocolateyInstall_helpers_functions_Update-SessionEnvironment.ps1
2026-08-05 11:59:42 [WARN] Skip restore, quarantine file missing: C:\Users\labuser\Documents\Training\Day 3 - Scripting\TempCleanupState\Quarantine\35ffe069-edad-4b31-b6c9-336bd584fc27_C__Windows_Temp_chocolatey_chocoInstall_tools_chocolateyInstall_helpers_functions_Write-FunctionCallLogMessage.ps1
2026-08-05 11:59:42 [WARN] Skip restore, quarantine file missing: C:\Users\labuser\Documents\Training\Day 3 - Scripting\TempCleanupState\Quarantine\35ffe069-edad-4b31-b6c9-336bd584fc27_C__Windows_Temp_chocolatey_chocoInstall_tools_chocolateyInstall_redirects_choco.exe
2026-08-05 11:59:42 [WARN] Skip restore, quarantine file missing: C:\Users\labuser\Documents\Training\Day 3 - Scripting\TempCleanupState\Quarantine\35ffe069-edad-4b31-b6c9-336bd584fc27_C__Windows_Temp_chocolatey_chocoInstall_tools_chocolateyInstall_redirects_choco.exe.ignore
2026-08-05 11:59:42 [WARN] Skip restore, quarantine file missing: C:\Users\labuser\Documents\Training\Day 3 - Scripting\TempCleanupState\Quarantine\35ffe069-edad-4b31-b6c9-336bd584fc27_C__Windows_Temp_chocolatey_chocoInstall_tools_chocolateyInstall_redirects_chocolatey.exe
2026-08-05 11:59:42 [WARN] Skip restore, quarantine file missing: C:\Users\labuser\Documents\Training\Day 3 - Scripting\TempCleanupState\Quarantine\35ffe069-edad-4b31-b6c9-336bd584fc27_C__Windows_Temp_chocolatey_chocoInstall_tools_chocolateyInstall_redirects_chocolatey.exe.ignore
2026-08-05 11:59:42 [WARN] Skip restore, quarantine file missing: C:\Users\labuser\Documents\Training\Day 3 - Scripting\TempCleanupState\Quarantine\35ffe069-edad-4b31-b6c9-336bd584fc27_C__Windows_Temp_chocolatey_chocoInstall_tools_chocolateyInstall_redirects_cinst.exe
2026-08-05 11:59:42 [WARN] Skip restore, quarantine file missing: C:\Users\labuser\Documents\Training\Day 3 - Scripting\TempCleanupState\Quarantine\35ffe069-edad-4b31-b6c9-336bd584fc27_C__Windows_Temp_chocolatey_chocoInstall_tools_chocolateyInstall_redirects_cinst.exe.ignore
2026-08-05 11:59:42 [WARN] Skip restore, quarantine file missing: C:\Users\labuser\Documents\Training\Day 3 - Scripting\TempCleanupState\Quarantine\35ffe069-edad-4b31-b6c9-336bd584fc27_C__Windows_Temp_chocolatey_chocoInstall_tools_chocolateyInstall_redirects_clist.exe
2026-08-05 11:59:42 [WARN] Skip restore, quarantine file missing: C:\Users\labuser\Documents\Training\Day 3 - Scripting\TempCleanupState\Quarantine\35ffe069-edad-4b31-b6c9-336bd584fc27_C__Windows_Temp_chocolatey_chocoInstall_tools_chocolateyInstall_redirects_clist.exe.ignore
2026-08-05 11:59:42 [WARN] Skip restore, quarantine file missing: C:\Users\labuser\Documents\Training\Day 3 - Scripting\TempCleanupState\Quarantine\35ffe069-edad-4b31-b6c9-336bd584fc27_C__Windows_Temp_chocolatey_chocoInstall_tools_chocolateyInstall_redirects_cpush.exe
2026-08-05 11:59:42 [WARN] Skip restore, quarantine file missing: C:\Users\labuser\Documents\Training\Day 3 - Scripting\TempCleanupState\Quarantine\35ffe069-edad-4b31-b6c9-336bd584fc27_C__Windows_Temp_chocolatey_chocoInstall_tools_chocolateyInstall_redirects_cpush.exe.ignore
2026-08-05 11:59:42 [WARN] Skip restore, quarantine file missing: C:\Users\labuser\Documents\Training\Day 3 - Scripting\TempCleanupState\Quarantine\35ffe069-edad-4b31-b6c9-336bd584fc27_C__Windows_Temp_chocolatey_chocoInstall_tools_chocolateyInstall_redirects_cuninst.exe
2026-08-05 11:59:42 [WARN] Skip restore, quarantine file missing: C:\Users\labuser\Documents\Training\Day 3 - Scripting\TempCleanupState\Quarantine\35ffe069-edad-4b31-b6c9-336bd584fc27_C__Windows_Temp_chocolatey_chocoInstall_tools_chocolateyInstall_redirects_cuninst.exe.ignore
2026-08-05 11:59:42 [WARN] Skip restore, quarantine file missing: C:\Users\labuser\Documents\Training\Day 3 - Scripting\TempCleanupState\Quarantine\35ffe069-edad-4b31-b6c9-336bd584fc27_C__Windows_Temp_chocolatey_chocoInstall_tools_chocolateyInstall_redirects_cup.exe
2026-08-05 11:59:42 [WARN] Skip restore, quarantine file missing: C:\Users\labuser\Documents\Training\Day 3 - Scripting\TempCleanupState\Quarantine\35ffe069-edad-4b31-b6c9-336bd584fc27_C__Windows_Temp_chocolatey_chocoInstall_tools_chocolateyInstall_redirects_cup.exe.ignore
2026-08-05 11:59:42 [WARN] Skip restore, quarantine file missing: C:\Users\labuser\Documents\Training\Day 3 - Scripting\TempCleanupState\Quarantine\35ffe069-edad-4b31-b6c9-336bd584fc27_C__Windows_Temp_chocolatey_chocoInstall_tools_chocolateyInstall_redirects_RefreshEnv.cmd
2026-08-05 11:59:42 [WARN] Skip restore, quarantine file missing: C:\Users\labuser\Documents\Training\Day 3 - Scripting\TempCleanupState\Quarantine\35ffe069-edad-4b31-b6c9-336bd584fc27_C__Windows_Temp_chocolatey_chocoInstall_tools_chocolateyInstall_tools_7z.dll
2026-08-05 11:59:42 [WARN] Skip restore, quarantine file missing: C:\Users\labuser\Documents\Training\Day 3 - Scripting\TempCleanupState\Quarantine\35ffe069-edad-4b31-b6c9-336bd584fc27_C__Windows_Temp_chocolatey_chocoInstall_tools_chocolateyInstall_tools_7z.dll.manifest
2026-08-05 11:59:42 [WARN] Skip restore, quarantine file missing: C:\Users\labuser\Documents\Training\Day 3 - Scripting\TempCleanupState\Quarantine\35ffe069-edad-4b31-b6c9-336bd584fc27_C__Windows_Temp_chocolatey_chocoInstall_tools_chocolateyInstall_tools_7z.exe
2026-08-05 11:59:42 [WARN] Skip restore, quarantine file missing: C:\Users\labuser\Documents\Training\Day 3 - Scripting\TempCleanupState\Quarantine\35ffe069-edad-4b31-b6c9-336bd584fc27_C__Windows_Temp_chocolatey_chocoInstall_tools_chocolateyInstall_tools_7z.exe.ignore
2026-08-05 11:59:42 [WARN] Skip restore, quarantine file missing: C:\Users\labuser\Documents\Training\Day 3 - Scripting\TempCleanupState\Quarantine\35ffe069-edad-4b31-b6c9-336bd584fc27_C__Windows_Temp_chocolatey_chocoInstall_tools_chocolateyInstall_tools_7z.exe.manifest
2026-08-05 11:59:42 [WARN] Skip restore, quarantine file missing: C:\Users\labuser\Documents\Training\Day 3 - Scripting\TempCleanupState\Quarantine\35ffe069-edad-4b31-b6c9-336bd584fc27_C__Windows_Temp_chocolatey_chocoInstall_tools_chocolateyInstall_tools_7zip.license.txt
2026-08-05 11:59:42 [WARN] Skip restore, quarantine file missing: C:\Users\labuser\Documents\Training\Day 3 - Scripting\TempCleanupState\Quarantine\35ffe069-edad-4b31-b6c9-336bd584fc27_C__Windows_Temp_chocolatey_chocoInstall_tools_chocolateyInstall_tools_checksum.exe
2026-08-05 11:59:42 [WARN] Skip restore, quarantine file missing: C:\Users\labuser\Documents\Training\Day 3 - Scripting\TempCleanupState\Quarantine\35ffe069-edad-4b31-b6c9-336bd584fc27_C__Windows_Temp_chocolatey_chocoInstall_tools_chocolateyInstall_tools_checksum.exe.config
2026-08-05 11:59:42 [WARN] Skip restore, quarantine file missing: C:\Users\labuser\Documents\Training\Day 3 - Scripting\TempCleanupState\Quarantine\35ffe069-edad-4b31-b6c9-336bd584fc27_C__Windows_Temp_chocolatey_chocoInstall_tools_chocolateyInstall_tools_checksum.exe.ignore
2026-08-05 11:59:42 [WARN] Skip restore, quarantine file missing: C:\Users\labuser\Documents\Training\Day 3 - Scripting\TempCleanupState\Quarantine\35ffe069-edad-4b31-b6c9-336bd584fc27_C__Windows_Temp_chocolatey_chocoInstall_tools_chocolateyInstall_tools_checksum.license.txt
2026-08-05 11:59:42 [WARN] Skip restore, quarantine file missing: C:\Users\labuser\Documents\Training\Day 3 - Scripting\TempCleanupState\Quarantine\35ffe069-edad-4b31-b6c9-336bd584fc27_C__Windows_Temp_chocolatey_chocoInstall_tools_chocolateyInstall_tools_shimgen.exe
2026-08-05 11:59:42 [WARN] Skip restore, quarantine file missing: C:\Users\labuser\Documents\Training\Day 3 - Scripting\TempCleanupState\Quarantine\35ffe069-edad-4b31-b6c9-336bd584fc27_C__Windows_Temp_chocolatey_chocoInstall_tools_chocolateyInstall_tools_shimgen.exe.ignore
2026-08-05 11:59:42 [WARN] Skip restore, quarantine file missing: C:\Users\labuser\Documents\Training\Day 3 - Scripting\TempCleanupState\Quarantine\35ffe069-edad-4b31-b6c9-336bd584fc27_C__Windows_Temp_chocolatey_chocoInstall_tools_chocolateyInstall_tools_shimgen.license.txt
2026-08-05 11:59:42 [WARN] Skip restore, quarantine file missing: C:\Users\labuser\Documents\Training\Day 3 - Scripting\TempCleanupState\Quarantine\35ffe069-edad-4b31-b6c9-336bd584fc27_C__Windows_Temp_chocolatey_chocoInstall__rels_.rels
2026-08-05 11:59:42 [WARN] Skip restore, quarantine file missing: C:\Users\labuser\Documents\Training\Day 3 - Scripting\TempCleanupState\Quarantine\35ffe069-edad-4b31-b6c9-336bd584fc27_C__Windows_Temp_chocolatey_vscode.install_1.131.0_install.log
2026-08-05 11:59:42 [WARN] Skip restore, quarantine file missing: C:\Users\labuser\Documents\Training\Day 3 - Scripting\TempCleanupState\Quarantine\35ffe069-edad-4b31-b6c9-336bd584fc27_C__Windows_Temp_chocolatey_vscode.install_1.131.0_VSCodeSetup-x64-1.131.0.exe
2026-08-05 11:59:42 [WARN] Skip restore, quarantine file missing: C:\Users\labuser\Documents\Training\Day 3 - Scripting\TempCleanupState\Quarantine\35ffe069-edad-4b31-b6c9-336bd584fc27_C__Windows_Temp_Crashpad_metadata
2026-08-05 11:59:42 [WARN] Skip restore, quarantine file missing: C:\Users\labuser\Documents\Training\Day 3 - Scripting\TempCleanupState\Quarantine\35ffe069-edad-4b31-b6c9-336bd584fc27_C__Windows_Temp_Crashpad_settings.dat
2026-08-05 11:59:42 [INFO] Rollback summary:
2026-08-05 11:59:42 [INFO] Total entries: 96
2026-08-05 11:59:42 [INFO] Restored: 0
2026-08-05 11:59:42 [INFO] Skipped (original exists): 0
2026-08-05 11:59:42 [INFO] Skipped (missing in quarantine): 96
2026-08-05 11:59:42 [INFO] Errors: 0
2026-08-05 11:59:42 [INFO] Log file: C:\Users\labuser\Documents\Training\Day 3 - Scripting\TempCleanup\TempCleanupState\Logs\cleanup-20260805-115941.log
